Microchip MPLAB XC8 Compiler V1.43 ()

Linker command line:

-W-3 --edf=/Applications/microchip/xc8/v1.43/dat/en_msgs.txt -cs \
  -h+dist/default/production/18313_servo.X.production.sym \
  --cmf=dist/default/production/18313_servo.X.production.cmf -z -Q16F18313 \
  -o/tmp/xcDWu07ae -Mdist/default/production/18313_servo.X.production.map \
  -E1 -ver=XC8 -ASTACK=0204Eh-020efh -pstack=STACK -ACODE=00h-07FFh \
  -ASTRCODE=00h-07FFh -ASTRING=00h-0FFhx8 -ACONST=00h-0FFhx8 \
  -AENTRY=00h-0FFhx8 -ACOMMON=070h-07Fh -ABANK0=020h-06Fh -ABANK1=0A0h-0EFh \
  -ABANK2=0120h-016Fh -ABIGRAM=02000h-020EFh \
  -ARAM=020h-06Fh,0A0h-0EFh,0120h-016Fh \
  -AABS1=020h-07Fh,0A0h-0EFh,0120h-016Fh -ASFR0=00h-01Fh -ASFR1=080h-09Fh \
  -ASFR2=0100h-011Fh -ASFR3=0180h-01EFh -ASFR4=0200h-026Fh \
  -ASFR5=0280h-02EFh -ASFR6=0300h-036Fh -ASFR7=0380h-03EFh \
  -ASFR8=0400h-046Fh -ASFR9=0480h-04EFh -ASFR10=0500h-056Fh \
  -ASFR11=0580h-05EFh -ASFR12=0600h-066Fh -ASFR13=0680h-06EFh \
  -ASFR14=0700h-076Fh -ASFR15=0780h-07EFh -ASFR16=0800h-086Fh \
  -ASFR17=0880h-08EFh -ASFR18=0900h-096Fh -ASFR19=0980h-09EFh \
  -ASFR20=0A00h-0A6Fh -ASFR21=0A80h-0AEFh -ASFR22=0B00h-0B6Fh \
  -ASFR23=0B80h-0BEFh -ASFR24=0C00h-0C6Fh -ASFR25=0C80h-0CEFh \
  -ASFR26=0D00h-0D6Fh -ASFR27=0D80h-0DEFh -ASFR28=0E00h-0E6Fh \
  -ASFR29=0E80h-0EEFh -ASFR30=0F00h-0F6Fh -ASFR31=0F80h-0FEFh \
  -preset_vec=00h,intentry,init,end_init -ppowerup=CODE -pcinit=CODE \
  -pfunctab=ENTRY -ACONFIG=08007h-0800Ah -pconfig=CONFIG -DCONFIG=2 \
  -AIDLOC=08000h-08003h -pidloc=IDLOC -DIDLOC=2 -AEEDATA=00h-0FFh/0F000h \
  -peeprom_data=EEDATA -DEEDATA=2 -DCODE=2 -DSTRCODE=2 -DSTRING=2 -DCONST=2 \
  -DENTRY=2 -k /tmp/xcQrovzZd.obj \
  dist/default/production/18313_servo.X.production.obj 

Object code version is 3.11

Machine type is 16F18313



                Name                               Link     Load   Length Selector   Space Scale
/tmp/xcQrovzZd.obj
                end_init                              1        1        1        0       0
                reset_vec                             0        0        1        0       0
                config                             8007     8007        4    1000E       0
dist/default/production/18313_servo.X.production.obj
                cinit                               7FB      7FB        5      FF6       0
                text23                              254      254        A      4A8       0
                text22                              2BE      2BE       1F      57C       0
                text21                              2DD      2DD       1F      5BA       0
                text20                              273      273       19      4E6       0
                text19                              28C      28C       19      518       0
                text18                              268      268        B      4D0       0
                text17                              242      242        9      484       0
                text16                              2FC      2FC       3A      5F8       0
                text15                              222      222        8      444       0
                text14                              22A      22A        8      454       0
                text13                              232      232        8      464       0
                text12                              23A      23A        8      474       0
                text11                              21B      21B        3      436       0
                text10                              24B      24B        9      496       0
                text9                               21E      21E        4      43C       0
                text8                               25E      25E        A      4BC       0
                text7                               371      371       64      6E2       0
                text6                               5B7      5B7       F5      B6E       0
                text5                               45C      45C       A8      8B8       0
                text4                               504      504       B3      A08       0
                text3                               3D5      3D5       87      7AA       0
                text2                               2A5      2A5       19      54A       0
                text1                               336      336       3B      66C       0
                maintext                            6AC      6AC      14F      D58       0
                cstackBANK0                          20       20       4C       20       1
                cstackCOMMON                         70       70        E       70       1
                bssBANK0                             6C       6C        2       20       1

TOTAL           Name                               Link     Load   Length     Space
        CLASS   STACK          

        CLASS   CODE           
                end_init                              1        1        1         0
                cinit                               7FB      7FB        5         0
                reset_vec                             0        0        1         0
                text23                              254      254        A         0
                text22                              2BE      2BE       1F         0
                text21                              2DD      2DD       1F         0
                text20                              273      273       19         0
                text19                              28C      28C       19         0
                text18                              268      268        B         0
                text17                              242      242        9         0
                text16                              2FC      2FC       3A         0
                text15                              222      222        8         0
                text14                              22A      22A        8         0
                text13                              232      232        8         0
                text12                              23A      23A        8         0
                text11                              21B      21B        3         0
                text10                              24B      24B        9         0
                text9                               21E      21E        4         0
                text8                               25E      25E        A         0
                text7                               371      371       64         0
                text6                               5B7      5B7       F5         0
                text5                               45C      45C       A8         0
                text4                               504      504       B3         0
                text3                               3D5      3D5       87         0
                text2                               2A5      2A5       19         0
                text1                               336      336       3B         0
                maintext                            6AC      6AC      14F         0

        CLASS   STRCODE        

        CLASS   STRING         

        CLASS   CONST          

        CLASS   ENTRY          

        CLASS   COMMON         
                cstackCOMMON                         70       70        E         1

        CLASS   BANK0          
                cstackBANK0                          20       20       4C         1
                bssBANK0                             6C       6C        2         1

        CLASS   BANK1          

        CLASS   BANK2          

        CLASS   BIGRAM         

        CLASS   RAM            

        CLASS   ABS1           
                abs_s1                               7E       7E        2         1

        CLASS   SFR0           

        CLASS   SFR1           

        CLASS   SFR2           

        CLASS   SFR3           

        CLASS   SFR4           

        CLASS   SFR5           

        CLASS   SFR6           

        CLASS   SFR7           

        CLASS   SFR8           

        CLASS   SFR9           

        CLASS   SFR10          

        CLASS   SFR11          

        CLASS   SFR12          

        CLASS   SFR13          

        CLASS   SFR14          

        CLASS   SFR15          

        CLASS   SFR16          

        CLASS   SFR17          

        CLASS   SFR18          

        CLASS   SFR19          

        CLASS   SFR20          

        CLASS   SFR21          

        CLASS   SFR22          

        CLASS   SFR23          

        CLASS   SFR24          

        CLASS   SFR25          

        CLASS   SFR26          

        CLASS   SFR27          

        CLASS   SFR28          

        CLASS   SFR29          

        CLASS   SFR30          

        CLASS   SFR31          

        CLASS   CONFIG         
                config                             8007     8007        4         0

        CLASS   IDLOC          

        CLASS   EEDATA         

        CLASS   BANK31         

        CLASS   BANK30         

        CLASS   BANK29         

        CLASS   BANK28         

        CLASS   BANK27         

        CLASS   BANK26         

        CLASS   BANK25         

        CLASS   BANK24         

        CLASS   BANK23         

        CLASS   BANK22         

        CLASS   BANK21         

        CLASS   BANK20         

        CLASS   BANK19         

        CLASS   BANK18         

        CLASS   BANK17         

        CLASS   BANK16         

        CLASS   BANK15         

        CLASS   BANK14         

        CLASS   BANK13         

        CLASS   BANK12         

        CLASS   BANK11         

        CLASS   BANK10         

        CLASS   BANK9          

        CLASS   BANK8          

        CLASS   BANK7          

        CLASS   BANK6          

        CLASS   BANK5          

        CLASS   BANK4          

        CLASS   BANK3          



SEGMENTS        Name                           Load    Length   Top    Selector   Space  Class     Delta

                reset_vec                      000000  000002  000002         0       0  CODE        2
                cstackBANK0                    000020  00004E  00006E        20       1  BANK0       1
                cstackCOMMON                   000070  00000E  00007E        70       1  COMMON      1
                text11                         00021B  000003  00021E       436       0  CODE        2
                text9                          00021E  000004  000222       43C       0  CODE        2
                text15                         000222  000008  00022A       444       0  CODE        2
                text14                         00022A  000008  000232       454       0  CODE        2
                text13                         000232  000008  00023A       464       0  CODE        2
                text12                         00023A  000008  000242       474       0  CODE        2
                text17                         000242  000009  00024B       484       0  CODE        2
                text10                         00024B  000009  000254       496       0  CODE        2
                text23                         000254  00000A  00025E       4A8       0  CODE        2
                text8                          00025E  00000A  000268       4BC       0  CODE        2
                text18                         000268  00000B  000273       4D0       0  CODE        2
                text20                         000273  000019  00028C       4E6       0  CODE        2
                text19                         00028C  000019  0002A5       518       0  CODE        2
                text2                          0002A5  000019  0002BE       54A       0  CODE        2
                text22                         0002BE  00001F  0002DD       57C       0  CODE        2
                text21                         0002DD  00001F  0002FC       5BA       0  CODE        2
                text16                         0002FC  00003A  000336       5F8       0  CODE        2
                text1                          000336  00003B  000371       66C       0  CODE        2
                text7                          000371  000064  0003D5       6E2       0  CODE        2
                text3                          0003D5  000087  00045C       7AA       0  CODE        2
                text5                          00045C  0000A8  000504       8B8       0  CODE        2
                text4                          000504  0000B3  0005B7       A08       0  CODE        2
                text6                          0005B7  0000F5  0006AC       B6E       0  CODE        2
                maintext                       0006AC  00014F  0007FB       D58       0  CODE        2
                cinit                          0007FB  000005  000800       FF6       0  CODE        2
                config                         008007  000004  00800B     1000E       0  CONFIG      2


UNUSED ADDRESS RANGES

        Name                Unused          Largest block    Delta
        BANK0            0006E-0006F               2           1
        BANK1            000A0-000EF              50           1
        BANK2            00120-0016F              50           1
        BIGRAM           02000-020EF              F0           1
        CODE             00002-0021A             219           2
        CONST            00002-0021A             100           2
        EEDATA           0F000-0F0FF             100           2
        ENTRY            00002-0021A             100           2
        IDLOC            08000-08003               4           2
        RAM              0006E-0006F               2           1
                         000A0-000EF              50
                         00120-0016F              50
        SFR0             00000-0001F              20           1
        SFR1             00080-0009F              20           1
        SFR10            00500-0056F              70           1
        SFR11            00580-005EF              70           1
        SFR12            00600-0066F              70           1
        SFR13            00680-006EF              70           1
        SFR14            00700-0076F              70           1
        SFR15            00780-007EF              70           1
        SFR16            00800-0086F              70           1
        SFR17            00880-008EF              70           1
        SFR18            00900-0096F              70           1
        SFR19            00980-009EF              70           1
        SFR2             00100-0011F              20           1
        SFR20            00A00-00A6F              70           1
        SFR21            00A80-00AEF              70           1
        SFR22            00B00-00B6F              70           1
        SFR23            00B80-00BEF              70           1
        SFR24            00C00-00C6F              70           1
        SFR25            00C80-00CEF              70           1
        SFR26            00D00-00D6F              70           1
        SFR27            00D80-00DEF              70           1
        SFR28            00E00-00E6F              70           1
        SFR29            00E80-00EEF              70           1
        SFR3             00180-001EF              70           1
        SFR30            00F00-00F6F              70           1
        SFR31            00F80-00FEF              70           1
        SFR4             00200-0026F              70           1
        SFR5             00280-002EF              70           1
        SFR6             00300-0036F              70           1
        SFR7             00380-003EF              70           1
        SFR8             00400-0046F              70           1
        SFR9             00480-004EF              70           1
        STACK            0204E-020EF              A2           1
        STRCODE          00002-0021A             219           2
        STRING           00002-0021A             100           2

                                  Symbol Table

?___ftadd                        cstackBANK0  00044
?___ftdiv                        cstackBANK0  00024
?___ftmul                        cstackBANK0  00034
?___ftpack                       cstackCOMMON 00070
?___fttol                        cstackBANK0  00051
?___lbtoft                       cstackCOMMON 00078
?_to_pwm                         cstackBANK0  0005F
PIN_MANAGER_Initialize@state     cstackCOMMON 00070
PWM1_LoadDutyValue@dutyValue     cstackBANK0  00062
PWM2_LoadDutyValue@dutyValue     cstackBANK0  00062
PWM5_LoadDutyValue@dutyValue     cstackBANK0  00062
PWM6_LoadDutyValue@dutyValue     cstackBANK0  00062
_ANSELA                          (abs)        0018C
_BAUD1CON                        (abs)        0019F
_CCP1CON                         (abs)        00293
_CCP1CONbits                     (abs)        00293
_CCP2CON                         (abs)        00297
_CCP2CONbits                     (abs)        00297
_CCPR1H                          (abs)        00292
_CCPR1L                          (abs)        00291
_CCPR2H                          (abs)        00296
_CCPR2L                          (abs)        00295
_EUSART_Initialize               text18       00268
_EUSART_Read                     text23       00254
_GIE                             (abs)        0005F
_LATA                            (abs)        0010C
_ODCONA                          (abs)        0028C
_OSCCON1                         (abs)        00919
_OSCCON3                         (abs)        0091B
_OSCEN                           (abs)        0091D
_OSCFRQ                          (abs)        0091F
_OSCILLATOR_Initialize           text17       00242
_OSCTUNE                         (abs)        0091E
_PIN_MANAGER_Initialize          text16       002FC
_PIR1bits                        (abs)        00011
_PPSLOCK                         (abs)        00E0F
_PPSLOCKbits                     (abs)        00E0F
_PR2                             (abs)        0001E
_PWM1_Initialize                 text15       00222
_PWM1_LoadDutyValue              text22       002BE
_PWM2_Initialize                 text14       0022A
_PWM2_LoadDutyValue              text21       002DD
_PWM5CON                         (abs)        00619
_PWM5DCH                         (abs)        00618
_PWM5DCL                         (abs)        00617
_PWM5_Initialize                 text13       00232
_PWM5_LoadDutyValue              text20       00273
_PWM6CON                         (abs)        0061C
_PWM6DCH                         (abs)        0061B
_PWM6DCL                         (abs)        0061A
_PWM6_Initialize                 text12       0023A
_PWM6_LoadDutyValue              text19       0028C
_RA0PPSbits                      (abs)        00E90
_RA1PPSbits                      (abs)        00E91
_RA2PPSbits                      (abs)        00E92
_RA5PPSbits                      (abs)        00E95
_RC1REG                          (abs)        00199
_RC1STA                          (abs)        0019D
_RC1STAbits                      (abs)        0019D
_RXPPSbits                       (abs)        00E24
_SP1BRGH                         (abs)        0019C
_SP1BRGL                         (abs)        0019B
_SYSTEM_Initialize               text8        0025E
_T2CON                           (abs)        0001F
_T2CONbits                       (abs)        0001F
_TMR2                            (abs)        0001D
_TMR2_Initialize                 text10       0024B
_TMR2_StartTimer                 text11       0021B
_TRISA                           (abs)        0008C
_TX1REG                          (abs)        0019A
_TX1STA                          (abs)        0019E
_WDTCON                          (abs)        00097
_WDT_Initialize                  text9        0021E
_WPUA                            (abs)        0020C
__CFG_BOREN$ON                   (abs)        00000
__CFG_BORV$LOW                   (abs)        00000
__CFG_CLKOUTEN$OFF               (abs)        00000
__CFG_CP$OFF                     (abs)        00000
__CFG_CPD$OFF                    (abs)        00000
__CFG_CSWEN$ON                   (abs)        00000
__CFG_DEBUG$OFF                  (abs)        00000
__CFG_FCMEN$ON                   (abs)        00000
__CFG_FEXTOSC$OFF                (abs)        00000
__CFG_LPBOREN$OFF                (abs)        00000
__CFG_LVP$OFF                    (abs)        00000
__CFG_MCLRE$ON                   (abs)        00000
__CFG_PPS1WAY$ON                 (abs)        00000
__CFG_PWRTE$OFF                  (abs)        00000
__CFG_RSTOSC$HFINT1              (abs)        00000
__CFG_STVREN$ON                  (abs)        00000
__CFG_WDTE$OFF                   (abs)        00000
__CFG_WRT$OFF                    (abs)        00000
__Habs1                          abs1         00000
__Hbank0                         bank0        00000
__Hbank1                         bank1        00000
__Hbank10                        bank10       00000
__Hbank11                        bank11       00000
__Hbank12                        bank12       00000
__Hbank13                        bank13       00000
__Hbank14                        bank14       00000
__Hbank15                        bank15       00000
__Hbank16                        bank16       00000
__Hbank17                        bank17       00000
__Hbank18                        bank18       00000
__Hbank19                        bank19       00000
__Hbank2                         bank2        00000
__Hbank20                        bank20       00000
__Hbank21                        bank21       00000
__Hbank22                        bank22       00000
__Hbank23                        bank23       00000
__Hbank24                        bank24       00000
__Hbank25                        bank25       00000
__Hbank26                        bank26       00000
__Hbank27                        bank27       00000
__Hbank28                        bank28       00000
__Hbank29                        bank29       00000
__Hbank3                         bank3        00000
__Hbank30                        bank30       00000
__Hbank31                        bank31       00000
__Hbank4                         bank4        00000
__Hbank5                         bank5        00000
__Hbank6                         bank6        00000
__Hbank7                         bank7        00000
__Hbank8                         bank8        00000
__Hbank9                         bank9        00000
__Hbigram                        bigram       00000
__HbssBANK0                      bssBANK0     00000
__Hcinit                         cinit        00800
__Hclrtext                       clrtext      00000
__Hcode                          code         00000
__Hcommon                        common       00000
__Hconfig                        config       0800B
__HcstackBANK0                   cstackBANK0  00000
__HcstackCOMMON                  cstackCOMMON 00000
__Heeprom_data                   eeprom_data  00000
__Hend_init                      end_init     00002
__Hfunctab                       functab      00000
__Hidloc                         idloc        00000
__Hinit                          init         00001
__Hintentry                      intentry     00001
__Hmaintext                      maintext     00000
__Hpowerup                       powerup      00000
__Hram                           ram          00000
__Hreset_vec                     reset_vec    00001
__Hsfr0                          sfr0         00000
__Hsfr1                          sfr1         00000
__Hsfr10                         sfr10        00000
__Hsfr11                         sfr11        00000
__Hsfr12                         sfr12        00000
__Hsfr13                         sfr13        00000
__Hsfr14                         sfr14        00000
__Hsfr15                         sfr15        00000
__Hsfr16                         sfr16        00000
__Hsfr17                         sfr17        00000
__Hsfr18                         sfr18        00000
__Hsfr19                         sfr19        00000
__Hsfr2                          sfr2         00000
__Hsfr20                         sfr20        00000
__Hsfr21                         sfr21        00000
__Hsfr22                         sfr22        00000
__Hsfr23                         sfr23        00000
__Hsfr24                         sfr24        00000
__Hsfr25                         sfr25        00000
__Hsfr26                         sfr26        00000
__Hsfr27                         sfr27        00000
__Hsfr28                         sfr28        00000
__Hsfr29                         sfr29        00000
__Hsfr3                          sfr3         00000
__Hsfr30                         sfr30        00000
__Hsfr31                         sfr31        00000
__Hsfr4                          sfr4         00000
__Hsfr5                          sfr5         00000
__Hsfr6                          sfr6         00000
__Hsfr7                          sfr7         00000
__Hsfr8                          sfr8         00000
__Hsfr9                          sfr9         00000
__Hspace_0                       (abs)        0800B
__Hspace_1                       (abs)        0007E
__Hspace_2                       (abs)        00000
__Hspace_3                       (abs)        00000
__Hstack                         stack        00000
__Hstrings                       strings      00000
__Htext                          text         00000
__Labs1                          abs1         00000
__Lbank0                         bank0        00000
__Lbank1                         bank1        00000
__Lbank10                        bank10       00000
__Lbank11                        bank11       00000
__Lbank12                        bank12       00000
__Lbank13                        bank13       00000
__Lbank14                        bank14       00000
__Lbank15                        bank15       00000
__Lbank16                        bank16       00000
__Lbank17                        bank17       00000
__Lbank18                        bank18       00000
__Lbank19                        bank19       00000
__Lbank2                         bank2        00000
__Lbank20                        bank20       00000
__Lbank21                        bank21       00000
__Lbank22                        bank22       00000
__Lbank23                        bank23       00000
__Lbank24                        bank24       00000
__Lbank25                        bank25       00000
__Lbank26                        bank26       00000
__Lbank27                        bank27       00000
__Lbank28                        bank28       00000
__Lbank29                        bank29       00000
__Lbank3                         bank3        00000
__Lbank30                        bank30       00000
__Lbank31                        bank31       00000
__Lbank4                         bank4        00000
__Lbank5                         bank5        00000
__Lbank6                         bank6        00000
__Lbank7                         bank7        00000
__Lbank8                         bank8        00000
__Lbank9                         bank9        00000
__Lbigram                        bigram       00000
__LbssBANK0                      bssBANK0     00000
__Lcinit                         cinit        007FB
__Lclrtext                       clrtext      00000
__Lcode                          code         00000
__Lcommon                        common       00000
__Lconfig                        config       08007
__LcstackBANK0                   cstackBANK0  00000
__LcstackCOMMON                  cstackCOMMON 00000
__Leeprom_data                   eeprom_data  00000
__Lend_init                      end_init     00001
__Lfunctab                       functab      00000
__Lidloc                         idloc        00000
__Linit                          init         00001
__Lintentry                      intentry     00001
__Lmaintext                      maintext     00000
__Lpowerup                       powerup      00000
__Lram                           ram          00000
__Lreset_vec                     reset_vec    00000
__Lsfr0                          sfr0         00000
__Lsfr1                          sfr1         00000
__Lsfr10                         sfr10        00000
__Lsfr11                         sfr11        00000
__Lsfr12                         sfr12        00000
__Lsfr13                         sfr13        00000
__Lsfr14                         sfr14        00000
__Lsfr15                         sfr15        00000
__Lsfr16                         sfr16        00000
__Lsfr17                         sfr17        00000
__Lsfr18                         sfr18        00000
__Lsfr19                         sfr19        00000
__Lsfr2                          sfr2         00000
__Lsfr20                         sfr20        00000
__Lsfr21                         sfr21        00000
__Lsfr22                         sfr22        00000
__Lsfr23                         sfr23        00000
__Lsfr24                         sfr24        00000
__Lsfr25                         sfr25        00000
__Lsfr26                         sfr26        00000
__Lsfr27                         sfr27        00000
__Lsfr28                         sfr28        00000
__Lsfr29                         sfr29        00000
__Lsfr3                          sfr3         00000
__Lsfr30                         sfr30        00000
__Lsfr31                         sfr31        00000
__Lsfr4                          sfr4         00000
__Lsfr5                          sfr5         00000
__Lsfr6                          sfr6         00000
__Lsfr7                          sfr7         00000
__Lsfr8                          sfr8         00000
__Lsfr9                          sfr9         00000
__Lspace_0                       (abs)        00000
__Lspace_1                       (abs)        00000
__Lspace_2                       (abs)        00000
__Lspace_3                       (abs)        00000
__Lstack                         stack        00000
__Lstrings                       strings      00000
__Ltext                          text         00000
__S0                             (abs)        0800B
__S1                             (abs)        0007E
__S2                             (abs)        00000
__S3                             (abs)        00000
___ftadd                         text6        005B7
___ftadd@exp1                    cstackBANK0  00050
___ftadd@exp2                    cstackBANK0  0004F
___ftadd@f1                      cstackBANK0  00044
___ftadd@f2                      cstackBANK0  00047
___ftadd@sign                    cstackBANK0  0004E
___ftdiv                         text5        0045C
___ftdiv@cntr                    cstackBANK0  0002E
___ftdiv@exp                     cstackBANK0  00032
___ftdiv@f1                      cstackBANK0  00027
___ftdiv@f2                      cstackBANK0  00024
___ftdiv@f3                      cstackBANK0  0002F
___ftdiv@sign                    cstackBANK0  00033
___ftmul                         text4        00504
___ftmul@cntr                    cstackBANK0  00042
___ftmul@exp                     cstackBANK0  0003E
___ftmul@f1                      cstackBANK0  00034
___ftmul@f2                      cstackBANK0  00037
___ftmul@f3_as_product           cstackBANK0  0003F
___ftmul@sign                    cstackBANK0  00043
___ftpack                        text7        00371
___ftpack@arg                    cstackCOMMON 00070
___ftpack@exp                    cstackCOMMON 00073
___ftpack@sign                   cstackCOMMON 00074
___fttol                         text3        003D5
___fttol@exp1                    cstackBANK0  0005E
___fttol@f1                      cstackBANK0  00051
___fttol@lval                    cstackBANK0  0005A
___fttol@sign1                   cstackBANK0  00059
___int_sp                        stack        00000
___latbits                       (abs)        00000
___lbtoft                        text2        002A5
___lbtoft@c                      cstackCOMMON 0007B
___sp                            stack        00000
__end_of_EUSART_Initialize       text18       00273
__end_of_EUSART_Read             text23       0025E
__end_of_OSCILLATOR_Initialize   text17       0024B
__end_of_PIN_MANAGER_Initialize  text16       00336
__end_of_PWM1_Initialize         text15       0022A
__end_of_PWM1_LoadDutyValue      text22       002DD
__end_of_PWM2_Initialize         text14       00232
__end_of_PWM2_LoadDutyValue      text21       002FC
__end_of_PWM5_Initialize         text13       0023A
__end_of_PWM5_LoadDutyValue      text20       0028C
__end_of_PWM6_Initialize         text12       00242
__end_of_PWM6_LoadDutyValue      text19       002A5
__end_of_SYSTEM_Initialize       text8        00268
__end_of_TMR2_Initialize         text10       00254
__end_of_TMR2_StartTimer         text11       0021E
__end_of_WDT_Initialize          text9        00222
__end_of___ftadd                 text6        006AC
__end_of___ftdiv                 text5        00504
__end_of___ftmul                 text4        005B7
__end_of___ftpack                text7        003D5
__end_of___fttol                 text3        0045C
__end_of___lbtoft                text2        002BE
__end_of__initialization         cinit        007FE
__end_of_main                    maintext     007FB
__end_of_to_pwm                  text1        00371
__initialization                 cinit        007FB
__pbssBANK0                      bssBANK0     0006C
__pcstackBANK0                   cstackBANK0  00020
__pcstackCOMMON                  cstackCOMMON 00070
__pmaintext                      maintext     006AC
__ptext1                         text1        00336
__ptext10                        text10       0024B
__ptext11                        text11       0021B
__ptext12                        text12       0023A
__ptext13                        text13       00232
__ptext14                        text14       0022A
__ptext15                        text15       00222
__ptext16                        text16       002FC
__ptext17                        text17       00242
__ptext18                        text18       00268
__ptext19                        text19       0028C
__ptext2                         text2        002A5
__ptext20                        text20       00273
__ptext21                        text21       002DD
__ptext22                        text22       002BE
__ptext23                        text23       00254
__ptext3                         text3        003D5
__ptext4                         text4        00504
__ptext5                         text5        0045C
__ptext6                         text6        005B7
__ptext7                         text7        00371
__ptext8                         text8        0025E
__ptext9                         text9        0021E
__size_of_EUSART_Initialize      (abs)        00000
__size_of_EUSART_Read            (abs)        00000
__size_of_OSCILLATOR_Initialize  (abs)        00000
__size_of_PIN_MANAGER_Initialize (abs)        00000
__size_of_PWM1_Initialize        (abs)        00000
__size_of_PWM1_LoadDutyValue     (abs)        00000
__size_of_PWM2_Initialize        (abs)        00000
__size_of_PWM2_LoadDutyValue     (abs)        00000
__size_of_PWM5_Initialize        (abs)        00000
__size_of_PWM5_LoadDutyValue     (abs)        00000
__size_of_PWM6_Initialize        (abs)        00000
__size_of_PWM6_LoadDutyValue     (abs)        00000
__size_of_SYSTEM_Initialize      (abs)        00000
__size_of_TMR2_Initialize        (abs)        00000
__size_of_TMR2_StartTimer        (abs)        00000
__size_of_WDT_Initialize         (abs)        00000
__size_of___ftadd                (abs)        00000
__size_of___ftdiv                (abs)        00000
__size_of___ftmul                (abs)        00000
__size_of___ftpack               (abs)        00000
__size_of___fttol                (abs)        00000
__size_of___lbtoft               (abs)        00000
__size_of_main                   (abs)        00000
__size_of_to_pwm                 (abs)        00000
_main                            maintext     006AC
_to_pwm                          text1        00336
btemp                            (abs)        0007E
end_of_initialization            cinit        007FE
intlevel0                        functab      00000
intlevel1                        functab      00000
intlevel2                        functab      00000
intlevel3                        functab      00000
intlevel4                        functab      00000
intlevel5                        functab      00000
main@i                           cstackBANK0  00066
main@v1                          cstackBANK0  00068
main@v2                          cstackBANK0  00069
main@v3                          cstackBANK0  0006A
main@v4                          cstackBANK0  0006B
reset_vec                        reset_vec    00000
stackhi                          (abs)        020EF
stacklo                          (abs)        0204E
start                            init         00001
start_initialization             cinit        007FB
to_pwm@angle                     cstackCOMMON 0007C
wtemp0                           (abs)        0007E


FUNCTION INFORMATION:

 *************** function _main *****************
 Defined at:
		line 70 in file "main.c"
 Parameters:    Size  Location     Type
		None
 Auto vars:     Size  Location     Type
  i               2   70[BANK0 ] int 
  v4              1   75[BANK0 ] unsigned char 
  v3              1   74[BANK0 ] unsigned char 
  v2              1   73[BANK0 ] unsigned char 
  v1              1   72[BANK0 ] unsigned char 
 Return value:  Size  Location     Type
                  1    wreg      void 
 Registers used:
		wreg, fsr0l, fsr0h, status,2, status,0, pclath, cstack
 Tracked objects:
		On entry : 
		On exit  : 
		Unchanged: 
 Data sizes:     COMMON   BANK0   BANK1   BANK2
      Params:         0       0       0       0
      Locals:         0       6       0       0
      Temps:          1       0       0       0
      Totals:         1       6       0       0
Total ram usage:        7 bytes
 Hardware stack levels required when called:    3
 This function calls:
		_EUSART_Read
		_PWM1_LoadDutyValue
		_PWM2_LoadDutyValue
		_PWM5_LoadDutyValue
		_PWM6_LoadDutyValue
		_SYSTEM_Initialize
		_to_pwm
 This function is called by:
		Startup code after reset
 This function uses a non-reentrant model


 *************** function _to_pwm *****************
 Defined at:
		line 275 in file "main.c"
 Parameters:    Size  Location     Type
  angle           1    wreg     unsigned char 
 Auto vars:     Size  Location     Type
  angle           1   12[COMMON] unsigned char 
 Return value:  Size  Location     Type
                  2   63[BANK0 ] unsigned int 
 Registers used:
		wreg, status,2, status,0, pclath, cstack
 Tracked objects:
		On entry : 
		On exit  : 
		Unchanged: 
 Data sizes:     COMMON   BANK0   BANK1   BANK2
      Params:         0       3       0       0
      Locals:         1       0       0       0
      Temps:          0       0       0       0
      Totals:         1       3       0       0
Total ram usage:        4 bytes
 Hardware stack levels used:    1
 Hardware stack levels required when called:    2
 This function calls:
		___ftadd
		___ftdiv
		___ftmul
		___fttol
		___lbtoft
 This function is called by:
		_main
 This function uses a non-reentrant model


 *************** function ___lbtoft *****************
 Defined at:
		line 27 in file "/Applications/microchip/xc8/v1.43/sources/common/lbtoft.c"
 Parameters:    Size  Location     Type
  c               1    wreg     unsigned char 
 Auto vars:     Size  Location     Type
  c               1   11[COMMON] unsigned char 
 Return value:  Size  Location     Type
                  3    8[COMMON] float 
 Registers used:
		wreg, status,2, status,0, pclath, cstack
 Tracked objects:
		On entry : 
		On exit  : 
		Unchanged: 
 Data sizes:     COMMON   BANK0   BANK1   BANK2
      Params:         3       0       0       0
      Locals:         1       0       0       0
      Temps:          0       4       0       0
      Totals:         4       4       0       0
Total ram usage:        8 bytes
 Hardware stack levels used:    1
 Hardware stack levels required when called:    1
 This function calls:
		___ftpack
 This function is called by:
		_to_pwm
 This function uses a non-reentrant model


 *************** function ___fttol *****************
 Defined at:
		line 44 in file "/Applications/microchip/xc8/v1.43/sources/common/fttol.c"
 Parameters:    Size  Location     Type
  f1              3   49[BANK0 ] float 
 Auto vars:     Size  Location     Type
  lval            4   58[BANK0 ] unsigned long 
  exp1            1   62[BANK0 ] unsigned char 
  sign1           1   57[BANK0 ] unsigned char 
 Return value:  Size  Location     Type
                  4   49[BANK0 ] long 
 Registers used:
		wreg, status,2, status,0
 Tracked objects:
		On entry : 
		On exit  : 
		Unchanged: 
 Data sizes:     COMMON   BANK0   BANK1   BANK2
      Params:         0       4       0       0
      Locals:         0       6       0       0
      Temps:          0       4       0       0
      Totals:         0      14       0       0
Total ram usage:       14 bytes
 Hardware stack levels used:    1
 This function calls:
		Nothing
 This function is called by:
		_to_pwm
 This function uses a non-reentrant model


 *************** function ___ftmul *****************
 Defined at:
		line 62 in file "/Applications/microchip/xc8/v1.43/sources/common/ftmul.c"
 Parameters:    Size  Location     Type
  f1              3   20[BANK0 ] float 
  f2              3   23[BANK0 ] float 
 Auto vars:     Size  Location     Type
  f3_as_produc    3   31[BANK0 ] unsigned um
  sign            1   35[BANK0 ] unsigned char 
  cntr            1   34[BANK0 ] unsigned char 
  exp             1   30[BANK0 ] unsigned char 
 Return value:  Size  Location     Type
                  3   20[BANK0 ] float 
 Registers used:
		wreg, status,2, status,0, pclath, cstack
 Tracked objects:
		On entry : 
		On exit  : 
		Unchanged: 
 Data sizes:     COMMON   BANK0   BANK1   BANK2
      Params:         0       6       0       0
      Locals:         0       6       0       0
      Temps:          0       4       0       0
      Totals:         0      16       0       0
Total ram usage:       16 bytes
 Hardware stack levels used:    1
 Hardware stack levels required when called:    1
 This function calls:
		___ftpack
 This function is called by:
		_to_pwm
 This function uses a non-reentrant model


 *************** function ___ftdiv *****************
 Defined at:
		line 56 in file "/Applications/microchip/xc8/v1.43/sources/common/ftdiv.c"
 Parameters:    Size  Location     Type
  f2              3    4[BANK0 ] float 
  f1              3    7[BANK0 ] float 
 Auto vars:     Size  Location     Type
  f3              3   15[BANK0 ] float 
  sign            1   19[BANK0 ] unsigned char 
  exp             1   18[BANK0 ] unsigned char 
  cntr            1   14[BANK0 ] unsigned char 
 Return value:  Size  Location     Type
                  3    4[BANK0 ] float 
 Registers used:
		wreg, status,2, status,0, pclath, cstack
 Tracked objects:
		On entry : 
		On exit  : 
		Unchanged: 
 Data sizes:     COMMON   BANK0   BANK1   BANK2
      Params:         0       6       0       0
      Locals:         0       6       0       0
      Temps:          0       4       0       0
      Totals:         0      16       0       0
Total ram usage:       16 bytes
 Hardware stack levels used:    1
 Hardware stack levels required when called:    1
 This function calls:
		___ftpack
 This function is called by:
		_to_pwm
 This function uses a non-reentrant model


 *************** function ___ftadd *****************
 Defined at:
		line 86 in file "/Applications/microchip/xc8/v1.43/sources/common/ftadd.c"
 Parameters:    Size  Location     Type
  f1              3   36[BANK0 ] float 
  f2              3   39[BANK0 ] float 
 Auto vars:     Size  Location     Type
  exp1            1   48[BANK0 ] unsigned char 
  exp2            1   47[BANK0 ] unsigned char 
  sign            1   46[BANK0 ] unsigned char 
 Return value:  Size  Location     Type
                  3   36[BANK0 ] float 
 Registers used:
		wreg, status,2, status,0, pclath, cstack
 Tracked objects:
		On entry : 
		On exit  : 
		Unchanged: 
 Data sizes:     COMMON   BANK0   BANK1   BANK2
      Params:         0       6       0       0
      Locals:         0       3       0       0
      Temps:          0       4       0       0
      Totals:         0      13       0       0
Total ram usage:       13 bytes
 Hardware stack levels used:    1
 Hardware stack levels required when called:    1
 This function calls:
		___ftpack
 This function is called by:
		_to_pwm
 This function uses a non-reentrant model


 *************** function ___ftpack *****************
 Defined at:
		line 62 in file "/Applications/microchip/xc8/v1.43/sources/common/float.c"
 Parameters:    Size  Location     Type
  arg             3    0[COMMON] unsigned um
  exp             1    3[COMMON] unsigned char 
  sign            1    4[COMMON] unsigned char 
 Auto vars:     Size  Location     Type
		None
 Return value:  Size  Location     Type
                  3    0[COMMON] float 
 Registers used:
		wreg, status,2, status,0
 Tracked objects:
		On entry : 
		On exit  : 
		Unchanged: 
 Data sizes:     COMMON   BANK0   BANK1   BANK2
      Params:         5       0       0       0
      Locals:         0       0       0       0
      Temps:          3       0       0       0
      Totals:         8       0       0       0
Total ram usage:        8 bytes
 Hardware stack levels used:    1
 This function calls:
		Nothing
 This function is called by:
		___ftadd
		___ftdiv
		___ftmul
		___lbtoft
 This function uses a non-reentrant model


 *************** function _SYSTEM_Initialize *****************
 Defined at:
		line 76 in file "mcc_generated_files/mcc.c"
 Parameters:    Size  Location     Type
		None
 Auto vars:     Size  Location     Type
		None
 Return value:  Size  Location     Type
                  1    wreg      void 
 Registers used:
		wreg, status,2, status,0, pclath, cstack
 Tracked objects:
		On entry : 
		On exit  : 
		Unchanged: 
 Data sizes:     COMMON   BANK0   BANK1   BANK2
      Params:         0       0       0       0
      Locals:         0       0       0       0
      Temps:          0       0       0       0
      Totals:         0       0       0       0
Total ram usage:        0 bytes
 Hardware stack levels used:    1
 Hardware stack levels required when called:    2
 This function calls:
		_EUSART_Initialize
		_OSCILLATOR_Initialize
		_PIN_MANAGER_Initialize
		_PWM1_Initialize
		_PWM2_Initialize
		_PWM5_Initialize
		_PWM6_Initialize
		_TMR2_Initialize
		_WDT_Initialize
 This function is called by:
		_main
 This function uses a non-reentrant model


 *************** function _WDT_Initialize *****************
 Defined at:
		line 104 in file "mcc_generated_files/mcc.c"
 Parameters:    Size  Location     Type
		None
 Auto vars:     Size  Location     Type
		None
 Return value:  Size  Location     Type
                  1    wreg      void 
 Registers used:
		wreg
 Tracked objects:
		On entry : 
		On exit  : 
		Unchanged: 
 Data sizes:     COMMON   BANK0   BANK1   BANK2
      Params:         0       0       0       0
      Locals:         0       0       0       0
      Temps:          0       0       0       0
      Totals:         0       0       0       0
Total ram usage:        0 bytes
 Hardware stack levels used:    1
 This function calls:
		Nothing
 This function is called by:
		_SYSTEM_Initialize
 This function uses a non-reentrant model


 *************** function _TMR2_Initialize *****************
 Defined at:
		line 63 in file "mcc_generated_files/tmr2.c"
 Parameters:    Size  Location     Type
		None
 Auto vars:     Size  Location     Type
		None
 Return value:  Size  Location     Type
                  1    wreg      void 
 Registers used:
		wreg, status,2, status,0, pclath, cstack
 Tracked objects:
		On entry : 
		On exit  : 
		Unchanged: 
 Data sizes:     COMMON   BANK0   BANK1   BANK2
      Params:         0       0       0       0
      Locals:         0       0       0       0
      Temps:          0       0       0       0
      Totals:         0       0       0       0
Total ram usage:        0 bytes
 Hardware stack levels used:    1
 Hardware stack levels required when called:    1
 This function calls:
		_TMR2_StartTimer
 This function is called by:
		_SYSTEM_Initialize
 This function uses a non-reentrant model


 *************** function _TMR2_StartTimer *****************
 Defined at:
		line 83 in file "mcc_generated_files/tmr2.c"
 Parameters:    Size  Location     Type
		None
 Auto vars:     Size  Location     Type
		None
 Return value:  Size  Location     Type
                  1    wreg      void 
 Registers used:
		None
 Tracked objects:
		On entry : 
		On exit  : 
		Unchanged: 
 Data sizes:     COMMON   BANK0   BANK1   BANK2
      Params:         0       0       0       0
      Locals:         0       0       0       0
      Temps:          0       0       0       0
      Totals:         0       0       0       0
Total ram usage:        0 bytes
 Hardware stack levels used:    1
 This function calls:
		Nothing
 This function is called by:
		_TMR2_Initialize
 This function uses a non-reentrant model


 *************** function _PWM6_Initialize *****************
 Defined at:
		line 57 in file "mcc_generated_files/pwm6.c"
 Parameters:    Size  Location     Type
		None
 Auto vars:     Size  Location     Type
		None
 Return value:  Size  Location     Type
                  1    wreg      void 
 Registers used:
		wreg
 Tracked objects:
		On entry : 
		On exit  : 
		Unchanged: 
 Data sizes:     COMMON   BANK0   BANK1   BANK2
      Params:         0       0       0       0
      Locals:         0       0       0       0
      Temps:          0       0       0       0
      Totals:         0       0       0       0
Total ram usage:        0 bytes
 Hardware stack levels used:    1
 This function calls:
		Nothing
 This function is called by:
		_SYSTEM_Initialize
 This function uses a non-reentrant model


 *************** function _PWM5_Initialize *****************
 Defined at:
		line 57 in file "mcc_generated_files/pwm5.c"
 Parameters:    Size  Location     Type
		None
 Auto vars:     Size  Location     Type
		None
 Return value:  Size  Location     Type
                  1    wreg      void 
 Registers used:
		wreg
 Tracked objects:
		On entry : 
		On exit  : 
		Unchanged: 
 Data sizes:     COMMON   BANK0   BANK1   BANK2
      Params:         0       0       0       0
      Locals:         0       0       0       0
      Temps:          0       0       0       0
      Totals:         0       0       0       0
Total ram usage:        0 bytes
 Hardware stack levels used:    1
 This function calls:
		Nothing
 This function is called by:
		_SYSTEM_Initialize
 This function uses a non-reentrant model


 *************** function _PWM2_Initialize *****************
 Defined at:
		line 63 in file "mcc_generated_files/pwm2.c"
 Parameters:    Size  Location     Type
		None
 Auto vars:     Size  Location     Type
		None
 Return value:  Size  Location     Type
                  1    wreg      void 
 Registers used:
		wreg
 Tracked objects:
		On entry : 
		On exit  : 
		Unchanged: 
 Data sizes:     COMMON   BANK0   BANK1   BANK2
      Params:         0       0       0       0
      Locals:         0       0       0       0
      Temps:          0       0       0       0
      Totals:         0       0       0       0
Total ram usage:        0 bytes
 Hardware stack levels used:    1
 This function calls:
		Nothing
 This function is called by:
		_SYSTEM_Initialize
 This function uses a non-reentrant model


 *************** function _PWM1_Initialize *****************
 Defined at:
		line 63 in file "mcc_generated_files/pwm1.c"
 Parameters:    Size  Location     Type
		None
 Auto vars:     Size  Location     Type
		None
 Return value:  Size  Location     Type
                  1    wreg      void 
 Registers used:
		wreg
 Tracked objects:
		On entry : 
		On exit  : 
		Unchanged: 
 Data sizes:     COMMON   BANK0   BANK1   BANK2
      Params:         0       0       0       0
      Locals:         0       0       0       0
      Temps:          0       0       0       0
      Totals:         0       0       0       0
Total ram usage:        0 bytes
 Hardware stack levels used:    1
 This function calls:
		Nothing
 This function is called by:
		_SYSTEM_Initialize
 This function uses a non-reentrant model


 *************** function _PIN_MANAGER_Initialize *****************
 Defined at:
		line 51 in file "mcc_generated_files/pin_manager.c"
 Parameters:    Size  Location     Type
		None
 Auto vars:     Size  Location     Type
  state           1    0[COMMON] unsigned char 
 Return value:  Size  Location     Type
                  1    wreg      void 
 Registers used:
		wreg, status,2, status,0
 Tracked objects:
		On entry : 
		On exit  : 
		Unchanged: 
 Data sizes:     COMMON   BANK0   BANK1   BANK2
      Params:         0       0       0       0
      Locals:         1       0       0       0
      Temps:          0       0       0       0
      Totals:         1       0       0       0
Total ram usage:        1 bytes
 Hardware stack levels used:    1
 This function calls:
		Nothing
 This function is called by:
		_SYSTEM_Initialize
 This function uses a non-reentrant model


 *************** function _OSCILLATOR_Initialize *****************
 Defined at:
		line 90 in file "mcc_generated_files/mcc.c"
 Parameters:    Size  Location     Type
		None
 Auto vars:     Size  Location     Type
		None
 Return value:  Size  Location     Type
                  1    wreg      void 
 Registers used:
		wreg, status,2
 Tracked objects:
		On entry : 
		On exit  : 
		Unchanged: 
 Data sizes:     COMMON   BANK0   BANK1   BANK2
      Params:         0       0       0       0
      Locals:         0       0       0       0
      Temps:          0       0       0       0
      Totals:         0       0       0       0
Total ram usage:        0 bytes
 Hardware stack levels used:    1
 This function calls:
		Nothing
 This function is called by:
		_SYSTEM_Initialize
 This function uses a non-reentrant model


 *************** function _EUSART_Initialize *****************
 Defined at:
		line 55 in file "mcc_generated_files/eusart.c"
 Parameters:    Size  Location     Type
		None
 Auto vars:     Size  Location     Type
		None
 Return value:  Size  Location     Type
                  1    wreg      void 
 Registers used:
		wreg, status,2
 Tracked objects:
		On entry : 
		On exit  : 
		Unchanged: 
 Data sizes:     COMMON   BANK0   BANK1   BANK2
      Params:         0       0       0       0
      Locals:         0       0       0       0
      Temps:          0       0       0       0
      Totals:         0       0       0       0
Total ram usage:        0 bytes
 Hardware stack levels used:    1
 This function calls:
		Nothing
 This function is called by:
		_SYSTEM_Initialize
 This function uses a non-reentrant model


 *************** function _PWM6_LoadDutyValue *****************
 Defined at:
		line 71 in file "mcc_generated_files/pwm6.c"
 Parameters:    Size  Location     Type
  dutyValue       2   66[BANK0 ] unsigned int 
 Auto vars:     Size  Location     Type
		None
 Return value:  Size  Location     Type
                  1    wreg      void 
 Registers used:
		wreg, status,2, status,0
 Tracked objects:
		On entry : 
		On exit  : 
		Unchanged: 
 Data sizes:     COMMON   BANK0   BANK1   BANK2
      Params:         0       2       0       0
      Locals:         0       0       0       0
      Temps:          0       2       0       0
      Totals:         0       4       0       0
Total ram usage:        4 bytes
 Hardware stack levels used:    1
 This function calls:
		Nothing
 This function is called by:
		_main
 This function uses a non-reentrant model


 *************** function _PWM5_LoadDutyValue *****************
 Defined at:
		line 71 in file "mcc_generated_files/pwm5.c"
 Parameters:    Size  Location     Type
  dutyValue       2   66[BANK0 ] unsigned int 
 Auto vars:     Size  Location     Type
		None
 Return value:  Size  Location     Type
                  1    wreg      void 
 Registers used:
		wreg, status,2, status,0
 Tracked objects:
		On entry : 
		On exit  : 
		Unchanged: 
 Data sizes:     COMMON   BANK0   BANK1   BANK2
      Params:         0       2       0       0
      Locals:         0       0       0       0
      Temps:          0       2       0       0
      Totals:         0       4       0       0
Total ram usage:        4 bytes
 Hardware stack levels used:    1
 This function calls:
		Nothing
 This function is called by:
		_main
 This function uses a non-reentrant model


 *************** function _PWM2_LoadDutyValue *****************
 Defined at:
		line 78 in file "mcc_generated_files/pwm2.c"
 Parameters:    Size  Location     Type
  dutyValue       2   66[BANK0 ] unsigned int 
 Auto vars:     Size  Location     Type
		None
 Return value:  Size  Location     Type
                  1    wreg      void 
 Registers used:
		wreg, status,2
 Tracked objects:
		On entry : 
		On exit  : 
		Unchanged: 
 Data sizes:     COMMON   BANK0   BANK1   BANK2
      Params:         0       2       0       0
      Locals:         0       0       0       0
      Temps:          0       0       0       0
      Totals:         0       2       0       0
Total ram usage:        2 bytes
 Hardware stack levels used:    1
 This function calls:
		Nothing
 This function is called by:
		_main
 This function uses a non-reentrant model


 *************** function _PWM1_LoadDutyValue *****************
 Defined at:
		line 78 in file "mcc_generated_files/pwm1.c"
 Parameters:    Size  Location     Type
  dutyValue       2   66[BANK0 ] unsigned int 
 Auto vars:     Size  Location     Type
		None
 Return value:  Size  Location     Type
                  1    wreg      void 
 Registers used:
		wreg, status,2
 Tracked objects:
		On entry : 
		On exit  : 
		Unchanged: 
 Data sizes:     COMMON   BANK0   BANK1   BANK2
      Params:         0       2       0       0
      Locals:         0       0       0       0
      Temps:          0       0       0       0
      Totals:         0       2       0       0
Total ram usage:        2 bytes
 Hardware stack levels used:    1
 This function calls:
		Nothing
 This function is called by:
		_main
 This function uses a non-reentrant model


 *************** function _EUSART_Read *****************
 Defined at:
		line 77 in file "mcc_generated_files/eusart.c"
 Parameters:    Size  Location     Type
		None
 Auto vars:     Size  Location     Type
		None
 Return value:  Size  Location     Type
                  1    wreg      unsigned char 
 Registers used:
		wreg
 Tracked objects:
		On entry : 
		On exit  : 
		Unchanged: 
 Data sizes:     COMMON   BANK0   BANK1   BANK2
      Params:         0       0       0       0
      Locals:         0       0       0       0
      Temps:          0       0       0       0
      Totals:         0       0       0       0
Total ram usage:        0 bytes
 Hardware stack levels used:    1
 This function calls:
		Nothing
 This function is called by:
		_main
 This function uses a non-reentrant model



MODULE INFORMATION

Module		Function		Class		Link	Load	Size
/Applications/microchip/xc8/v1.43/sources/common/fttol.c
		___fttol       		CODE           	03D5	0000	136

/Applications/microchip/xc8/v1.43/sources/common/fttol.c estimated size: 136

mcc_generated_files/pwm6.c
		_PWM6_LoadDutyValue		CODE           	028C	0000	26
		_PWM6_Initialize		CODE           	023A	0000	9

mcc_generated_files/pwm6.c estimated size: 35

mcc_generated_files/tmr2.c
		_TMR2_Initialize		CODE           	024B	0000	10
		_TMR2_StartTimer		CODE           	021B	0000	4

mcc_generated_files/tmr2.c estimated size: 14

/Applications/microchip/xc8/v1.43/sources/common/ftadd.c
		___ftadd       		CODE           	05B7	0000	246

/Applications/microchip/xc8/v1.43/sources/common/ftadd.c estimated size: 246

mcc_generated_files/pwm2.c
		_PWM2_Initialize		CODE           	022A	0000	9
		_PWM2_LoadDutyValue		CODE           	02DD	0000	32

mcc_generated_files/pwm2.c estimated size: 41

mcc_generated_files/pin_manager.c
		_PIN_MANAGER_Initialize		CODE           	02FC	0000	59

mcc_generated_files/pin_manager.c estimated size: 59

/Applications/microchip/xc8/v1.43/sources/common/lbtoft.c
		___lbtoft      		CODE           	02A5	0000	26

/Applications/microchip/xc8/v1.43/sources/common/lbtoft.c estimated size: 26

/Applications/microchip/xc8/v1.43/sources/common/float.c
		___ftpack      		CODE           	0371	0000	101

/Applications/microchip/xc8/v1.43/sources/common/float.c estimated size: 101

shared
		__initialization		CODE           	07FB	0000	4

shared estimated size: 4

mcc_generated_files/pwm5.c
		_PWM5_LoadDutyValue		CODE           	0273	0000	26
		_PWM5_Initialize		CODE           	0232	0000	9

mcc_generated_files/pwm5.c estimated size: 35

mcc_generated_files/mcc.c
		_WDT_Initialize		CODE           	021E	0000	5
		_OSCILLATOR_Initialize		CODE           	0242	0000	10
		_SYSTEM_Initialize		CODE           	025E	0000	11

mcc_generated_files/mcc.c estimated size: 26

mcc_generated_files/pwm1.c
		_PWM1_Initialize		CODE           	0222	0000	9
		_PWM1_LoadDutyValue		CODE           	02BE	0000	32

mcc_generated_files/pwm1.c estimated size: 41

/Applications/microchip/xc8/v1.43/sources/common/ftmul.c
		___ftmul       		CODE           	0504	0000	180

/Applications/microchip/xc8/v1.43/sources/common/ftmul.c estimated size: 180

mcc_generated_files/eusart.c
		_EUSART_Read   		CODE           	0254	0000	11
		_EUSART_Initialize		CODE           	0268	0000	12

mcc_generated_files/eusart.c estimated size: 23

/Applications/microchip/xc8/v1.43/sources/common/ftdiv.c
		___ftdiv       		CODE           	045C	0000	169

/Applications/microchip/xc8/v1.43/sources/common/ftdiv.c estimated size: 169

main.c
		_main          		CODE           	06AC	0000	336
		_to_pwm        		CODE           	0336	0000	60

main.c estimated size: 396

